RAM Allocation
Variable                                                          Address   Size
--------------------------------------------------------------------------------
SWITCH                                                            0x0600       1
CURRENT_VOLT                                                      0x0601       4
CURRENT_AMP                                                       0x0605       4
_FlagPackageTerminate0                                            0x0609       1
rxPackage0                                                        0x060A      32
flag_state                                                        0x062A       2
rx_rd_index1                                                      0x062C       2
rx_counter1                                                       0x062E       2
rx_buffer1                                                        0x0630     512
number                                                            0x0830       2
AMP_ADJ_ZERO                                                      0x0832       4
SENSOR_SENSITIVE                                                  0x0836       4
adcValue                                                          0x083A       2
total                                                             0x083C       4
avg                                                               0x0840       4
value                                                             0x0844       4
Viout                                                             0x0848       4
Vdif                                                              0x084C       4
Vsq_avg                                                           0x0850       4
volt                                                              0x0854       4
amp                                                               0x0858       4
power                                                             0x085C       4
whour                                                             0x0860       4
Vsum                                                              0x0864       4
Isum                                                              0x0868       4
Psum                                                              0x086C       4
WHsum                                                             0x0870       4
Vavg                                                              0x0874       4
Iavg                                                              0x0878       4
Pavg                                                              0x087C       4
countSampling                                                     0x0880       2
EndDevice_MacAddress                                              0x0882       8
Gateway_MacAddress                                                0x088A       8
STATUS_DEVICE                                                     0x0892       1
EVENT                                                             0x0893       2
baseCounter                                                       0x0895       4
pressedBTCounter                                                  0x0899       1
_FlagBT                                                           0x089A       1
_Flag05INT                                                        0x089B       1
_Flag0001INT                                                      0x089C       1
_BlinkLED_1Hz                                                     0x089D       1
Eaddress                                                          0x089E       1
input                                                             0x089F      60
count_input                                                       0x08DB       2
count_event                                                       0x08DD       2
specData                                                          0x08DF      13
AI_COMMAND                                                        0x08EC       8
SL_COMMAND                                                        0x08F4       8
SH_COMMAND                                                        0x08FC       8
JOIN_A1                                                           0x0904      39
PING_A4                                                           0x092B      39
SEND_EVENT_                                                       0x0952      41
SEND_REPORT_                                                      0x097B      76
_voltage                                                          0x09C7       8
_amp                                                              0x09CF       8
_power                                                            0x09D7       8
_watt                                                             0x09DF       8
Vreferent                                                         0x09E7       1
_seed                                                             0x09E8       4

EEPROM Allocation
Variable                                                          Address   Size
--------------------------------------------------------------------------------
ADJ0_SENSOR5A                                                     0x0000       4
ADJ0_SENSOR20A                                                    0x0004       4
ADJ0_SENSOR30A                                                    0x0008       4

Register Allocation
Variable                                                          Register  Size
--------------------------------------------------------------------------------
error                                                             R5           1
read_D_SW                                                         R4           1
start_event                                                       R6,R7        2
counter                                                           R8,R9        2
rx_wr_index1                                                      R10,R11      2
rx_buffer_overflow1                                               R2.0      1bit
rxPackageIndex0                                                   R13          1
rxPackageIndexCount0                                              R12          1
