RAM Allocation
Variable                                                          Address   Size
--------------------------------------------------------------------------------
SWITCH                                                            0x0600       1
CURRENT_VOLT                                                      0x0601       4
CURRENT_AMP                                                       0x0605       4
_FlagPackageTerminate0                                            0x0609       1
rxPackage0                                                        0x060A      32
flag_state                                                        0x062A       2
rx_rd_index1                                                      0x062C       2
rx_counter1                                                       0x062E       2
rx_buffer1                                                        0x0630     512
number                                                            0x0830       2
AMP_ADJ_ZERO                                                      0x0832       4
SENSOR_SENSITIVE                                                  0x0836       4
adcValue                                                          0x083A       2
total                                                             0x083C       4
avg                                                               0x0840       4
value                                                             0x0844       4
Viout                                                             0x0848       4
Vdif                                                              0x084C       4
Vsq_avg                                                           0x0850       4
volt                                                              0x0854       4
amp                                                               0x0858       4
power                                                             0x085C       4
whour                                                             0x0860       4
Vsum                                                              0x0864       4
Isum                                                              0x0868       4
Psum                                                              0x086C       4
WHsum                                                             0x0870       4
Vavg                                                              0x0874       4
Iavg                                                              0x0878       4
Pavg                                                              0x087C       4
countSampling                                                     0x0880       2
EndDevice_MacAddress                                              0x0882       8
Gateway_MacAddress                                                0x088A       8
STATUS_DEVICE                                                     0x0892       1
event_state                                                       0x0893       2
input                                                             0x0895      60
count_input                                                       0x08D1       2
count_event                                                       0x08D3       2
baseCounter                                                       0x08D5       4
pressedBTCounter                                                  0x08D9       1
_FlagBT                                                           0x08DA       1
_Flag05INT                                                        0x08DB       1
_Flag0001INT                                                      0x08DC       1
_BlinkLED_1Hz                                                     0x08DD       1
Eaddress                                                          0x08DE       1
specData                                                          0x08DF      13
SEND_EVENT_TEST                                                   0x08EC      38
rxPackageIndex0                                                   0x0912       1
rxPackageIndexCount0                                              0x0913       1
AI_COMMAND                                                        0x0914       8
SL_COMMAND                                                        0x091C       8
SH_COMMAND                                                        0x0924       8
EVENT                                                             0x092C       2
JOIN_A1                                                           0x092E      39
PING_A4                                                           0x0955      39
SEND_EVENT_                                                       0x097C      41
SEND_REPORT_                                                      0x09A5      76
_voltage                                                          0x09F1       8
_amp                                                              0x09F9       8
_power                                                            0x0A01       8
_watt                                                             0x0A09       8
Vreferent                                                         0x0A11       1
_seed                                                             0x0A12       4

EEPROM Allocation
Variable                                                          Address   Size
--------------------------------------------------------------------------------
ADJ0_SENSOR5A                                                     0x0000       4
ADJ0_SENSOR20A                                                    0x0004       4
ADJ0_SENSOR30A                                                    0x0008       4

Register Allocation
Variable                                                          Register  Size
--------------------------------------------------------------------------------
error                                                             R5           1
read_D_SW                                                         R4           1
start_event                                                       R6,R7        2
counter                                                           R8,R9        2
e                                                                 R10,R11      2
rx_wr_index1                                                      R12,R13      2
rx_buffer_overflow1                                               R2.0      1bit
